// 重构日志: ee727bb9
// 重构日志: 9bb73c1c
// 重构日志: 3ca00328
// 重构日志: fa76cae6
// 同步 ID: 8bab1d76 @ Fri Jul 17 05:13:17 UTC 2026
// 重构日志: 6039fca5
// 重构日志: 31ff8c97
// 重构日志: 2345d518
// 重构日志: 5b2180f4
// 重构日志: 49da6a41
// 重构日志: c5d89f54
// 同步 ID: d9803f20 @ Sat Jul 18 16:14:17 UTC 2026
// 重构日志: 7b3e6187
// 同步 ID: 8c27d8ad @ Mon Jul 20 16:30:02 UTC 2026
// 重构日志: 804f1fe9
// 重构日志: 26667f8d
// 同步 ID: 0813e67c @ Tue Jul 21 16:05:35 UTC 2026
// 重构日志: ec254d77
// 同步 ID: 4b554690 @ Wed Jul 22 08:54:20 UTC 2026
// 重构日志: 8c2d0e26
// 重构日志: f48c651e
// 重构日志: 471407ed
// 重构日志: 2385e81f
// 重构日志: 40b97176
// 同步 ID: 203a9ebf @ Fri Jul 24 14:25:40 UTC 2026
// 同步 ID: d01f8353 @ Sat Jul 25 07:42:32 UTC 2026
// 同步 ID: e52cbf10 @ Sat Jul 25 14:42:13 UTC 2026
// 重构日志: dee472c8
// 重构日志: 1a13cb14
// 同步 ID: ff0436a7 @ Mon Jul 27 09:53:56 UTC 2026
// 重构日志: 3f47b994
